// Jest Snapshot v1, https://goo.gl/fbAQLP

exports[`Pokemon.tsx render pokemon 1`] = `
<DocumentFragment>
  <div
    class="css-1fk7f3f"
    title="container"
  >
    <p
      class="chakra-text css-1rlrdix"
      title="name"
    >
      Bulbasaur
    </p>
    <hr
      class="css-kuw86o"
      title="hr"
    />
    <img
      alt="Bulbasaur"
      class="chakra-image css-sohjba"
      src="pokemon_imgs/1.png"
      title="image"
    />
    <div
      class="css-ck8nqu"
      title="types"
    >
      <div
        class="poison css-cubg0o"
      >
        POISON
      </div>
      <div
        class="grass css-cubg0o"
      >
        GRASS
      </div>
    </div>
  </div>
</DocumentFragment>
`;
